2025-10-12 01:59:23.227 | INFO  | org.springframework.boot.devtools.autoconfigure.LocalDevToolsAutoConfiguration$RestartingClassPathChangeChangedEventListener | Restarting due to 21 class path changes (0 additions, 19 deletions, 2 modifications)
2025-10-12 01:59:23.329 | DEBUG | org.springframework.boot.devtools.autoconfigure.LocalDevToolsAutoConfiguration$RestartingClassPathChangeChangedEventListener | Change set: [C:\Users\Administrator\Desktop\BSEP\e2-bsep-team5-2025\backend\target\classes [C:\Users\Administrator\Desktop\BSEP\e2-bsep-team5-2025\backend\target\classes\application.properties (MODIFY), C:\Users\Administrator\Desktop\BSEP\e2-bsep-team5-2025\backend\target\classes\log4j2-spring.xml (MODIFY), C:\Users\Administrator\Desktop\BSEP\e2-bsep-team5-2025\backend\target\classes\com\besp\pki\config\SecurityConfig.class (DELETE), C:\Users\Administrator\Desktop\BSEP\e2-bsep-team5-2025\backend\target\classes\com\besp\pki\controller\AdminCertificatesController.class (DELETE), C:\Users\Administrator\Desktop\BSEP\e2-bsep-team5-2025\backend\target\classes\com\besp\pki\controller\AuthController.class (DELETE), C:\Users\Administrator\Desktop\BSEP\e2-bsep-team5-2025\backend\target\classes\com\besp\pki\dto\ApiResponse.class (DELETE), C:\Users\Administrator\Desktop\BSEP\e2-bsep-team5-2025\backend\target\classes\com\besp\pki\dto\LoginRequest.class (DELETE), C:\Users\Administrator\Desktop\BSEP\e2-bsep-team5-2025\backend\target\classes\com\besp\pki\dto\LoginResponse.class (DELETE), C:\Users\Administrator\Desktop\BSEP\e2-bsep-team5-2025\backend\target\classes\com\besp\pki\dto\RegistrationRequest.class (DELETE), C:\Users\Administrator\Desktop\BSEP\e2-bsep-team5-2025\backend\target\classes\com\besp\pki\entity\ActivationToken.class (DELETE), C:\Users\Administrator\Desktop\BSEP\e2-bsep-team5-2025\backend\target\classes\com\besp\pki\PkiApplication.class (DELETE), C:\Users\Administrator\Desktop\BSEP\e2-bsep-team5-2025\backend\target\classes\com\besp\pki\repository\CertificateRecordRepository.class (DELETE), C:\Users\Administrator\Desktop\BSEP\e2-bsep-team5-2025\backend\target\classes\com\besp\pki\repository\UserRepository.class (DELETE), C:\Users\Administrator\Desktop\BSEP\e2-bsep-team5-2025\backend\target\classes\com\besp\pki\security\JwtAuthFilter.class (DELETE), C:\Users\Administrator\Desktop\BSEP\e2-bsep-team5-2025\backend\target\classes\com\besp\pki\security\JwtUtil.class (DELETE), C:\Users\Administrator\Desktop\BSEP\e2-bsep-team5-2025\backend\target\classes\com\besp\pki\service\CertificateService.class (DELETE), C:\Users\Administrator\Desktop\BSEP\e2-bsep-team5-2025\backend\target\classes\com\besp\pki\service\CryptoSealService.class (DELETE), C:\Users\Administrator\Desktop\BSEP\e2-bsep-team5-2025\backend\target\classes\com\besp\pki\service\EmailService.class (DELETE), C:\Users\Administrator\Desktop\BSEP\e2-bsep-team5-2025\backend\target\classes\com\besp\pki\service\PasswordValidationService$PasswordStrengthResult.class (DELETE), C:\Users\Administrator\Desktop\BSEP\e2-bsep-team5-2025\backend\target\classes\com\besp\pki\service\PasswordValidationService.class (DELETE), C:\Users\Administrator\Desktop\BSEP\e2-bsep-team5-2025\backend\target\classes\com\besp\pki\service\UserService.class (DELETE)]]
2025-10-12 01:59:23.368 | DEBUG | org.springframework.boot.devtools.restart.Restarter | Restarting application
2025-10-12 01:59:23.378 | DEBUG | org.springframework.boot.devtools.restart.Restarter | Stopping application
2025-10-12 01:59:23.383 | DEBUG | org.springframework.boot.availability.ApplicationAvailabilityBean | Application availability state ReadinessState changed from ACCEPTING_TRAFFIC to REFUSING_TRAFFIC
2025-10-12 01:59:23.394 | DEBUG | org.springframework.boot.web.servlet.context.AnnotationConfigServletWebServerApplicationContext | Closing org.springframework.boot.web.servlet.context.AnnotationConfigServletWebServerApplicationContext@1403c4ea, started on Sat Oct 11 13:29:57 CEST 2025
2025-10-12 01:59:23.442 | DEBUG | org.springframework.context.support.DefaultLifecycleProcessor | Stopping beans in phase 2147483647
2025-10-12 01:59:23.443 | DEBUG | org.springframework.context.support.DefaultLifecycleProcessor | Stopping beans in phase 2147482623
2025-10-12 01:59:23.476 | DEBUG | org.springframework.context.support.DefaultLifecycleProcessor | Bean 'webServerGracefulShutdown' completed its stop procedure
2025-10-12 01:59:23.478 | DEBUG | org.springframework.context.support.DefaultLifecycleProcessor | Stopping beans in phase 2147481599
2025-10-12 01:59:23.487 | INFO  | org.apache.coyote.http11.Http11NioProtocol | Stopping ProtocolHandler ["http-nio-8080"]
2025-10-12 01:59:23.519 | DEBUG | org.springframework.context.support.DefaultLifecycleProcessor | Bean 'webServerStartStop' completed its stop procedure
2025-10-12 01:59:23.520 | DEBUG | org.springframework.context.support.DefaultLifecycleProcessor | Stopping beans in phase -2147483647
2025-10-12 01:59:23.522 | DEBUG | org.springframework.context.support.DefaultLifecycleProcessor | Bean 'springBootLoggingLifecycle' completed its stop procedure
2025-10-12 01:59:23.527 | DEBUG | org.springframework.scheduling.concurrent.ThreadPoolTaskExecutor | Shutting down ExecutorService 'applicationTaskExecutor'
2025-10-12 01:59:23.536 | INFO  | org.springframework.orm.jpa.LocalContainerEntityManagerFactoryBean | Closing JPA EntityManagerFactory for persistence unit 'default'
2025-10-12 01:59:23.592 | INFO  | com.zaxxer.hikari.HikariDataSource | HikariPool-1 - Shutdown initiated...
2025-10-12 01:59:23.617 | INFO  | com.zaxxer.hikari.HikariDataSource | HikariPool-1 - Shutdown completed.
2025-10-12 01:59:23.970 | DEBUG | org.springframework.boot.devtools.restart.Restarter | Starting application com.besp.pki.PkiApplication with URLs [file:/C:/Users/Administrator/Desktop/BSEP/e2-bsep-team5-2025/backend/target/classes/]
2025-10-12 01:59:24.509 | INFO  | com.besp.pki.PkiApplication | Starting PkiApplication using Java 21.0.5 with PID 27000 (C:\Users\Administrator\Desktop\BSEP\e2-bsep-team5-2025\backend\target\classes started by Administrator in C:\Users\Administrator\Desktop\BSEP\e2-bsep-team5-2025\backend)
2025-10-12 01:59:24.513 | INFO  | com.besp.pki.PkiApplication | No active profile set, falling back to 1 default profile: "default"
2025-10-12 01:59:29.159 | INFO  | com.besp.pki.PkiApplication | Starting PkiApplication using Java 21.0.5 with PID 27000 (C:\Users\Administrator\Desktop\BSEP\e2-bsep-team5-2025\backend\target\classes started by Administrator in C:\Users\Administrator\Desktop\BSEP\e2-bsep-team5-2025\backend)
2025-10-12 01:59:29.162 | INFO  | com.besp.pki.PkiApplication | No active profile set, falling back to 1 default profile: "default"
2025-10-12 01:59:32.499 | INFO  | com.besp.pki.PkiApplication | Started PkiApplication in 3.468 seconds (process running for 44983.553)
2025-10-12 01:59:37.827 | INFO  | com.besp.pki.PkiApplication | Starting PkiApplication using Java 21.0.5 with PID 28760 (C:\Users\Administrator\Desktop\BSEP\e2-bsep-team5-2025\backend\target\classes started by Administrator in C:\Users\Administrator\Desktop\BSEP\e2-bsep-team5-2025\backend)
2025-10-12 01:59:37.832 | INFO  | com.besp.pki.PkiApplication | No active profile set, falling back to 1 default profile: "default"
2025-10-12 02:11:39.698 | INFO  | com.besp.pki.controller.AuthController | User logged in succesfully
2025-10-12 02:41:51.899 | INFO  | com.besp.pki.PkiApplication | Starting PkiApplication using Java 21.0.5 with PID 30336 (C:\Users\Administrator\Desktop\BSEP\e2-bsep-team5-2025\backend\target\classes started by Administrator in C:\Users\Administrator\Desktop\BSEP\e2-bsep-team5-2025\backend)
2025-10-12 02:41:51.906 | INFO  | com.besp.pki.PkiApplication | No active profile set, falling back to 1 default profile: "default"
2025-10-12 02:41:57.518 | INFO  | com.besp.pki.PkiApplication | Starting PkiApplication using Java 21.0.5 with PID 24776 (C:\Users\Administrator\Desktop\BSEP\e2-bsep-team5-2025\backend\target\classes started by Administrator in C:\Users\Administrator\Desktop\BSEP\e2-bsep-team5-2025\backend)
2025-10-12 02:41:57.525 | INFO  | com.besp.pki.PkiApplication | No active profile set, falling back to 1 default profile: "default"
2025-10-12 02:42:59.494 | INFO  | com.besp.pki.controller.AuthController | User logged in succesfully
2025-10-12 02:44:12.353 | INFO  | com.besp.pki.PkiApplication | Starting PkiApplication using Java 21.0.5 with PID 22012 (C:\Users\Administrator\Desktop\BSEP\e2-bsep-team5-2025\backend\target\classes started by Administrator in C:\Users\Administrator\Desktop\BSEP\e2-bsep-team5-2025\backend)
2025-10-12 02:44:12.358 | INFO  | com.besp.pki.PkiApplication | No active profile set, falling back to 1 default profile: "default"
2025-10-12 02:53:48.977 | INFO  | com.besp.pki.PkiApplication | Starting PkiApplication using Java 21.0.5 with PID 27396 (C:\Users\Administrator\Desktop\BSEP\e2-bsep-team5-2025\backend\target\classes started by Administrator in C:\Users\Administrator\Desktop\BSEP\e2-bsep-team5-2025\backend)
2025-10-12 02:53:48.981 | INFO  | com.besp.pki.PkiApplication | No active profile set, falling back to 1 default profile: "default"
2025-10-12 02:53:54.753 | INFO  | com.besp.pki.PkiApplication | Started PkiApplication in 6.185 seconds (process running for 6.877)
2025-10-12 02:54:29.150 | INFO  | com.besp.pki.controller.AuthController | User logged in succesfully
2025-10-12 02:55:25.811 | INFO  | com.besp.pki.controller.AuthController | User logged in succesfully
2025-10-12 02:55:49.053 | INFO  | com.besp.pki.controller.AuthController | User logged in succesfully
2025-10-12 02:59:46.434 | INFO  | com.besp.pki.controller.AuthController | User logged in succesfully
